// Jest Snapshot v1, https://goo.gl/fbAQLP

exports[`Welcome (Snapshot) Welcome renders hello world 1`] = `
<nav
  data-testid="navBar"
>
  <div>
    <ul
      className="navbar-nav"
    >
      <li
        className="nav-item"
      >
        <a
          href="/"
          onClick={[Function]}
        >
          Home
        </a>
      </li>
    </ul>
    <ul>
      <li>
        <a
          href="/login"
          onClick={[Function]}
        >
          Login
        </a>
      </li>
      <li>
        <a
          href="/register"
          onClick={[Function]}
        >
          Register
        </a>
      </li>
    </ul>
  </div>
</nav>
`;
